package dev.nesk.validation.accessors

import dev.nesk.PublicClass
import dev.nesk.akkurate.validatables.Validatable
import dev.nesk.akkurate.validatables.validatableOf
import kotlin.Any
import kotlin.Suppress
import kotlin.jvm.JvmName
import kotlin.reflect.KProperty1

/**
 * [Validatable] accessor of [PublicClass.publicPropInPublicScope]
 */
public val Validatable<PublicClass>.publicPropInPublicScope: Validatable<Any>
  @JvmName(name = "validatablePublicClassPublicPropInPublicScope")
  get() = validatableOf(PublicClass::publicPropInPublicScope)

/**
 * [Validatable] accessor of [PublicClass.publicPropInPublicScope]
 */
public val Validatable<PublicClass?>.publicPropInPublicScope: Validatable<Any?>
  @JvmName(name = "validatableNullablePublicClassPublicPropInPublicScope")
  @Suppress("USELESS_CAST")
  get() = validatableOf(PublicClass::publicPropInPublicScope as KProperty1)
