package dev.nesk.validation.accessors

import dev.nesk.User
import dev.nesk.akkurate.validatables.Validatable
import kotlin.String
import kotlin.jvm.JvmName

public val Validatable<User>.name: Validatable<String>
  @JvmName(name = "validatableUserName")
  get() = createValidatable(unwrap().name)

public val Validatable<User?>.name: Validatable<String?>
  @JvmName(name = "validatableNullableUserName")
  get() = createValidatable(unwrap()?.name)
