package dev.nesk.company.validation.accessors

import dev.nesk.akkurate.Validatable
import dev.nesk.company.Company
import dev.nesk.user.User
import kotlin.jvm.JvmName

public val Validatable<Company>.admin: Validatable<User>
  @JvmName(name = "validatableCompanyAdmin")
  get() = createValidatable(unwrap().admin)

public val Validatable<Company?>.admin: Validatable<User?>
  @JvmName(name = "validatableNullableCompanyAdmin")
  get() = createValidatable(unwrap()?.admin)
