package dev.nesk.validation.accessors

import dev.nesk.Company
import dev.nesk.User
import dev.nesk.akkurate.validatables.Validatable
import kotlin.jvm.JvmName

public val Validatable<Company>.admin: Validatable<User>
  @JvmName(name = "validatableCompanyAdmin")
  get() = createValidatable(unwrap().admin)

public val Validatable<Company?>.admin: Validatable<User?>
  @JvmName(name = "validatableNullableCompanyAdmin")
  get() = createValidatable(unwrap()?.admin)

public val Validatable<User>.company: Validatable<Company>
  @JvmName(name = "validatableUserCompany")
  get() = createValidatable(unwrap().company)

public val Validatable<User?>.company: Validatable<Company?>
  @JvmName(name = "validatableNullableUserCompany")
  get() = createValidatable(unwrap()?.company)
