package dev.nesk.user.validation.accessors

import dev.nesk.akkurate.validatables.Validatable
import dev.nesk.company.Company
import dev.nesk.user.User
import kotlin.jvm.JvmName

public val Validatable<User>.company: Validatable<Company>
  @JvmName(name = "validatableUserCompany")
  get() = createValidatable(unwrap().company)

public val Validatable<User?>.company: Validatable<Company?>
  @JvmName(name = "validatableNullableUserCompany")
  get() = createValidatable(unwrap()?.company)
