@file:Suppress("USELESS_CAST")

package dev.nesk.validation.accessors

import dev.nesk.User
import dev.nesk.akkurate.validatables.Validatable
import dev.nesk.akkurate.validatables.validatableOf
import kotlin.Pair
import kotlin.String
import kotlin.Suppress
import kotlin.jvm.JvmName
import kotlin.reflect.KProperty1

/**
 * [Validatable] accessor of [User.names]
 */
public val Validatable<User>.names: Validatable<Pair<String, String>>
  @JvmName(name = "validatableUserNames")
  get() = validatableOf(User::names as KProperty1)

/**
 * [Validatable] accessor of [User.names]
 */
public val Validatable<User?>.names: Validatable<Pair<String, String>?>
  @JvmName(name = "validatableNullableUserNames")
  get() = validatableOf(User::names as KProperty1)

/**
 * [Validatable] accessor of [User.fullName]
 */
public val Validatable<User>.fullName: Validatable<String>
  @JvmName(name = "validatableUserFullName")
  get() = validatableOf(User::fullName as KProperty1)

/**
 * [Validatable] accessor of [User.fullName]
 */
public val Validatable<User?>.fullName: Validatable<String?>
  @JvmName(name = "validatableNullableUserFullName")
  get() = validatableOf(User::fullName as KProperty1)
