@file:Suppress("USELESS_CAST")

package kotlin.validation.accessors

import dev.nesk.akkurate.validatables.Validatable
import dev.nesk.akkurate.validatables.validatableOf
import kotlin.CharSequence
import kotlin.Int
import kotlin.Pair
import kotlin.Suppress
import kotlin.jvm.JvmName
import kotlin.reflect.KProperty1

/**
 * [Validatable] accessor of [Pair.first]
 */
public val <A, B> Validatable<Pair<A, B>>.first: Validatable<A>
  @JvmName(name = "validatablePairFirst")
  get() = validatableOf(Pair<A, B>::first as KProperty1)

/**
 * [Validatable] accessor of [Pair.first]
 */
public val <A, B> Validatable<Pair<A, B>?>.first: Validatable<A?>
  @JvmName(name = "validatableNullablePairFirst")
  get() = validatableOf(Pair<A, B>::first as KProperty1)

/**
 * [Validatable] accessor of [Pair.second]
 */
public val <A, B> Validatable<Pair<A, B>>.second: Validatable<B>
  @JvmName(name = "validatablePairSecond")
  get() = validatableOf(Pair<A, B>::second as KProperty1)

/**
 * [Validatable] accessor of [Pair.second]
 */
public val <A, B> Validatable<Pair<A, B>?>.second: Validatable<B?>
  @JvmName(name = "validatableNullablePairSecond")
  get() = validatableOf(Pair<A, B>::second as KProperty1)

/**
 * [Validatable] accessor of [CharSequence.length]
 */
public val Validatable<CharSequence>.length: Validatable<Int>
  @JvmName(name = "validatableCharSequenceLength")
  get() = validatableOf(CharSequence::length as KProperty1)

/**
 * [Validatable] accessor of [CharSequence.length]
 */
public val Validatable<CharSequence?>.length: Validatable<Int?>
  @JvmName(name = "validatableNullableCharSequenceLength")
  get() = validatableOf(CharSequence::length as KProperty1)
