@file:Suppress("USELESS_CAST")

package dev.nesk.user.validation.accessors

import dev.nesk.akkurate.validatables.Validatable
import dev.nesk.akkurate.validatables.validatableOf
import dev.nesk.company.Company
import dev.nesk.user.User
import kotlin.Suppress
import kotlin.jvm.JvmName
import kotlin.reflect.KProperty1

/**
 * [Validatable] accessor of [User.company]
 */
public val Validatable<User>.company: Validatable<Company>
  @JvmName(name = "validatableUserCompany")
  get() = validatableOf(User::company as KProperty1)

/**
 * [Validatable] accessor of [User.company]
 */
public val Validatable<User?>.company: Validatable<Company?>
  @JvmName(name = "validatableNullableUserCompany")
  get() = validatableOf(User::company as KProperty1)
